WARNING: A terminally deprecated method in sun.misc.Unsafe has been called
WARNING: sun.misc.Unsafe::objectFieldOffset has been called by akka.util.Unsafe (file:/Users/mjg/.cache/firebase/emulators/firebase-database-emulator-v4.11.2.jar)
WARNING: Please consider reporting this to the maintainers of class akka.util.Unsafe
WARNING: sun.misc.Unsafe::objectFieldOffset will be removed in a future release
23:18:33.147 [NamespaceSystem-akka.actor.default-dispatcher-4] INFO akka.event.slf4j.Slf4jLogger - Slf4jLogger started
23:18:33.260 [main] INFO com.firebase.server.forge.App$ - Listening at 127.0.0.1:9000
23:18:33.636 [NamespaceSystem-akka.actor.default-dispatcher-4] INFO com.firebase.core.namespace.NamespaceActor - movie-log-8c4d5-default-rtdb successfully activated FBKV (SurveyIdle(0)) wait: 78ms, init: 0ms
23:18:33.757 [NamespaceSystem-blocking-namespace-operation-dispatcher-6] INFO com.firebase.core.namespace.StateManager - Namespace movie-log-8c4d5-default-rtdb status Active to Active
23:18:35.034 [FirebaseWorkerPool-1-3] WARN com.firebase.core.persistence.backend.dummy.EmulatorMetadataPersistence - Multiple projectIds are not recommended in single project mode. Requested 
namespace movie-log-8c4d5, but the emulator is configured for movie-log-8c4d5-default-rtdb. To 
opt-out of single project mode add/set the singleProjectMode: false property in 
the firebase.json emulators config. 
23:18:35.037 [NamespaceSystem-akka.actor.default-dispatcher-5] INFO com.firebase.core.namespace.NamespaceActor - movie-log-8c4d5 successfully activated FBKV (SurveyIdle(0)) wait: 1ms, init: 0ms
23:18:35.051 [NamespaceSystem-blocking-namespace-operation-dispatcher-6] INFO com.firebase.core.namespace.StateManager - Namespace movie-log-8c4d5 status Active to Active
23:18:35.480 [FirebaseWorkerPool-1-3] WARN com.firebase.server.forge.App$ - Received service account token eyJh...ZX0., assuming ownership.
23:18:35.516 [FirebaseWorkerPool-1-4] WARN com.firebase.server.forge.App$ - Received service account token eyJh...ZX0., assuming ownership.
23:18:35.529 [FirebaseWorkerPool-1-1] WARN com.firebase.server.forge.App$ - Received service account token eyJh...ZX0., assuming ownership.
23:18:35.567 [FirebaseWorkerPool-1-4] WARN com.firebase.server.forge.App$ - Received service account token eyJh...ZX0., assuming ownership.
23:18:35.600 [FirebaseWorkerPool-1-1] WARN com.firebase.server.forge.App$ - Received service account token eyJh...ZX0., assuming ownership.
23:18:35.648 [FirebaseWorkerPool-1-1] WARN com.firebase.server.forge.App$ - Received service account token eyJh...ZX0., assuming ownership.
23:18:35.659 [FirebaseWorkerPool-1-2] WARN com.firebase.server.forge.App$ - Received service account token eyJh...ZX0., assuming ownership.
23:18:35.670 [FirebaseWorkerPool-1-3] WARN com.firebase.server.forge.App$ - Received service account token eyJh...ZX0., assuming ownership.
23:18:35.681 [FirebaseWorkerPool-1-4] WARN com.firebase.server.forge.App$ - Received service account token eyJh...ZX0., assuming ownership.
23:18:35.691 [FirebaseWorkerPool-1-1] WARN com.firebase.server.forge.App$ - Received service account token eyJh...ZX0., assuming ownership.
23:18:35.703 [FirebaseWorkerPool-1-2] WARN com.firebase.server.forge.App$ - Received service account token eyJh...ZX0., assuming ownership.
23:18:36.120 [NamespaceSystem-blocking-namespace-operation-dispatcher-6] INFO com.firebase.core.namespace.StateManager - Namespace movie-log-8c4d5 status Active to Active
23:18:36.136 [FirebaseWorkerPool-1-4] WARN com.firebase.server.forge.App$ - Received service account token eyJh...fX0., assuming ownership.
23:18:36.680 [Thread-0] INFO com.firebase.server.forge.App$ - Attempting graceful shutdown.
23:18:36.683 [NamespaceSystem-akka.actor.default-dispatcher-9] INFO com.firebase.core.namespace.Terminator$Terminator - 2 actors left to terminate: movie-log-8c4d5-default-rtdb, movie-log-8c4d5
23:18:36.685 [NamespaceSystem-akka.actor.default-dispatcher-8] INFO com.firebase.core.namespace.NamespaceActor - stopped namespace actor for movie-log-8c4d5
23:18:36.685 [NamespaceSystem-akka.actor.default-dispatcher-10] INFO com.firebase.core.namespace.NamespaceActor - stopped namespace actor for movie-log-8c4d5-default-rtdb
23:18:36.687 [Thread-0] INFO com.firebase.server.forge.App$ - Graceful shutdown complete.
